// Jest Snapshot v1, https://goo.gl/fbAQLP

exports[`ClayTooltip should render a tooltip with content 1`] = `
<div class="tooltip clay-tooltip-bottom " role="tooltip">
  <div class="arrow"></div>
  <div class="tooltip-inner"></div>
</div>
`;
